// Jest Snapshot v1, https://goo.gl/fbAQLP

exports[`design system usage on server generates styles on renders 1`] = `"<style data-emotion-css=\\"159hayj\\">@import url('https://fonts.googleapis.com/css?family=Palanquin:400,500,600&subset=latin-ext');html,body{-webkit-font-smoothing:antialiased;-moz-osx-font-smoothing:grayscale;box-sizing:border-box;color:#4A4A4A;font-family:default;-webkit-text-size-adjust:100%;text-size-adjust:100%;}*,*::before,*::after{box-sizing:inherit;}body{margin:0;padding:0;}ul{list-style:none;}</style><style data-emotion-css=\\"8ab0db\\">.css-8ab0db{background-color:black;color:#3CD048;font-family:\\"Palanquin\\",\\"Helvetica\\",sans-serif;font-size:16px;line-height:normal;margin:0px;padding:4px;}</style><div class=\\"p1 css-8ab0db\\">Green RedBox</div>"`;

exports[`design system usage on server generates styles on renders 2`] = `"<style data-emotion-css=\\"159hayj\\">@import url('https://fonts.googleapis.com/css?family=Palanquin:400,500,600&subset=latin-ext');html,body{-webkit-font-smoothing:antialiased;-moz-osx-font-smoothing:grayscale;box-sizing:border-box;color:#4A4A4A;font-family:default;-webkit-text-size-adjust:100%;text-size-adjust:100%;}*,*::before,*::after{box-sizing:inherit;}body{margin:0;padding:0;}ul{list-style:none;}</style><style data-emotion-css=\\"8ab0db\\">.css-8ab0db{background-color:black;color:#3CD048;font-family:\\"Palanquin\\",\\"Helvetica\\",sans-serif;font-size:16px;line-height:normal;margin:0px;padding:4px;}</style><div class=\\"p1 css-8ab0db\\">Green RedBox</div>"`;
