// Jest Snapshot v1, https://goo.gl/fbAQLP

exports[`createSystemComponent component overriding allows to override base component by custom component (not recommended) 1`] = `
.c0 {
  font-family: "Palanquin","Helvetica",sans-serif;
  font-size: 16px;
}

<div
  blacklist="alignContent,alignItems,alignSelf,bgColor,borderColor,borderRadius,borderRadiusBottomLeft,borderRadiusBottomRight,borderRadiusTopLeft,borderRadiusTopRight,borderStyle,borderWidth,bottom,color,display,flex,flexBasis,flexDirection,flexGrow,flexOrder,flexShrink,flexWrap,fontFamily,fontSize,fontWeight,height,justifyContent,left,lineHeight,m,maxHeight,maxWidth,mb,minHeight,minWidth,ml,mr,mt,mx,my,overflow,overflowX,overflowY,p,pb,pl,position,pr,pt,px,py,right,shadow,system,textAlign,textOverflow,textTransform,top,transition,viewport,whiteSpace,width,zIndex"
  class="c0"
  system="[object Object]"
  viewport="0"
/>
`;

exports[`createSystemComponent component overriding allows to override base component by primitive component 1`] = `
.c0 {
  font-family: "Palanquin","Helvetica",sans-serif;
  font-size: 16px;
}

<div
  class="c0"
/>
`;

exports[`createSystemComponent component overriding allows to override base component by system component (extends it) 1`] = `
.c0 {
  font-family: "Palanquin","Helvetica",sans-serif;
  font-size: 16px;
}

<div
  class="c0"
/>
`;

exports[`createSystemComponent creates system component from another system component (extends it) 1`] = `
.c0 {
  font-family: "Palanquin","Helvetica",sans-serif;
  font-size: 16px;
}

<span
  class="c0"
/>
`;

exports[`createSystemComponent creates system component from custom component 1`] = `
.c0 {
  font-family: "Palanquin","Helvetica",sans-serif;
  font-size: 16px;
}

<div
  blacklist="alignContent,alignItems,alignSelf,bgColor,borderColor,borderRadius,borderRadiusBottomLeft,borderRadiusBottomRight,borderRadiusTopLeft,borderRadiusTopRight,borderStyle,borderWidth,bottom,color,display,flex,flexBasis,flexDirection,flexGrow,flexOrder,flexShrink,flexWrap,fontFamily,fontSize,fontWeight,height,justifyContent,left,lineHeight,m,maxHeight,maxWidth,mb,minHeight,minWidth,ml,mr,mt,mx,my,overflow,overflowX,overflowY,p,pb,pl,position,pr,pt,px,py,right,shadow,system,textAlign,textOverflow,textTransform,top,transition,viewport,whiteSpace,width,zIndex"
  class="c0"
  system="[object Object]"
  viewport="0"
/>
`;

exports[`createSystemComponent creates system component from primitive component 1`] = `
.c0 {
  font-family: "Palanquin","Helvetica",sans-serif;
  font-size: 16px;
}

<span
  class="c0"
/>
`;
