// Jest Snapshot v1, https://goo.gl/fbAQLP

exports[`test works correctly 1`] = `
<DocumentFragment>
  .css-fisdg {
  outline: none;
  vertical-align: middle;
  text-align: center;
  -webkit-text-decoration: none;
  text-decoration: none;
  -webkit-appearance: none;
  -moz-appearance: none;
  appearance: none;
  -webkit-user-select: none;
  -moz-user-select: none;
  -ms-user-select: none;
  user-select: none;
  -webkit-transition: all 0.6s ease;
  transition: all 0.6s ease;
  overflow: hidden;
  cursor: not-allowed;
  -webkit-filter: grayscale(10%);
  filter: grayscale(10%);
  opacity: 0.6;
  background-color: #D03C70;
  color: #F7F7F7;
  border-color: transparent;
  cursor: pointer;
  -webkit-text-decoration: none;
  text-decoration: none;
}

.css-fisdg:focus {
  outline: 0;
}

.css-t4gf00 {
  border-radius: 5px;
  border-style: solid;
  border-width: 1px;
  color: #A8A8A8;
  display: inline-block;
  font-family: "Palanquin","Helvetica",sans-serif;
  font-size: 16px;
  font-weight: 600;
  padding-left: 16px;
  padding-right: 16px;
  padding-top: 8px;
  padding-bottom: 8px;
  position: relative;
}

<a
    class="css-fisdg css-t4gf00"
    disabled=""
  >
    Trololo
  </a>
</DocumentFragment>
`;
